<?xml version="1.0" encoding="uTf-8" standalone="no"?>
<pre:Vehicle xmlns:pre='urn:example-org:Transport' type='car'>
	<seats> 4 </seats>
	<colour> White </colour>
	<engine>
		<petrol/>
		<capacity units='cc'>1598</capacity>
	</engine>
</pre:Vehicle>